// Jest Snapshot v1, https://goo.gl/fbAQLP

exports[`Static coupons description test suite Should create a snapshot of the StaticCoupons  page 1`] = `
<DocumentFragment>
  <div
    class="MuiContainer-root MuiContainer-maxWidthLg makeStyles-container-2 css-1oqqzyl-MuiContainer-root"
  >
    <div
      class="MuiGrid-root MuiGrid-container MuiGrid-spacing-xs-2 css-mhc70k-MuiGrid-root"
    >
      <div
        class="MuiGrid-root MuiGrid-item MuiGrid-grid-xs-12 MuiGrid-grid-md-12 css-1idn90j-MuiGrid-root"
      >
        <h4
          class="MuiTypography-root MuiTypography-h4 MuiTypography-alignCenter css-149xwtl-MuiTypography-root"
        >
          Most Viewed Coupons
        </h4>
      </div>
      <div
        class="MuiGrid-root MuiGrid-item MuiGrid-grid-xs-12 MuiGrid-grid-md-12 css-1idn90j-MuiGrid-root"
      >
        <div
          class="MuiGrid-root MuiGrid-container MuiGrid-spacing-xs-2 css-10imocd-MuiGrid-root"
        >
          <div
            class="MuiGrid-root MuiGrid-item MuiGrid-grid-xs-12 MuiGrid-grid-md-3 css-iv7vbz-MuiGrid-root"
          >
            <div
              class="MuiPaper-root MuiPaper-elevation MuiPaper-rounded MuiPaper-elevation1 MuiCard-root css-bhp9pd-MuiPaper-root-MuiCard-root"
            >
              <img
                alt="Amazon Card"
                class="MuiCardMedia-root MuiCardMedia-media MuiCardMedia-img css-o69gx8-MuiCardMedia-root"
                height="140"
                src="https://pngimg.com/uploads/amazon/amazon_PNG21.png"
              />
              <div
                class="MuiCardContent-root css-46bh2p-MuiCardContent-root"
              >
                <div
                  class="MuiTypography-root MuiTypography-h5 MuiTypography-gutterBottom css-h93ljk-MuiTypography-root"
                >
                  Amazon Gift (5000)
                </div>
                <p
                  class="MuiTypography-root MuiTypography-body2 css-r40f8v-MuiTypography-root"
                >
                  Amazon Gift Cards are the Perfect Gift, Every Time. Use the eBay Gift Card to shop from millions of items .....
                </p>
              </div>
            </div>
          </div>
          <div
            class="MuiGrid-root MuiGrid-item MuiGrid-grid-xs-12 MuiGrid-grid-md-3 css-iv7vbz-MuiGrid-root"
          >
            <div
              class="MuiPaper-root MuiPaper-elevation MuiPaper-rounded MuiPaper-elevation1 MuiCard-root css-bhp9pd-MuiPaper-root-MuiCard-root"
            >
              <img
                alt="FlipKart"
                class="MuiCardMedia-root MuiCardMedia-media MuiCardMedia-img css-o69gx8-MuiCardMedia-root"
                height="140"
                src="https://i.pinimg.com/originals/15/aa/16/15aa1678d4ee5615c5c53ed5c9968126.png"
              />
              <div
                class="MuiCardContent-root css-46bh2p-MuiCardContent-root"
              >
                <div
                  class="MuiTypography-root MuiTypography-h5 MuiTypography-gutterBottom css-h93ljk-MuiTypography-root"
                >
                  Flip-kart (5000)
                </div>
                <p
                  class="MuiTypography-root MuiTypography-body2 css-r40f8v-MuiTypography-root"
                >
                  Flipkart Pvt Ltd. is an e-commerce company based in Bengaluru, India. Founded by Sachin Bansal and Binny Bansal in 2007 ...
                </p>
              </div>
            </div>
          </div>
          <div
            class="MuiGrid-root MuiGrid-item MuiGrid-grid-xs-12 MuiGrid-grid-md-3 css-iv7vbz-MuiGrid-root"
          >
            <div
              class="MuiPaper-root MuiPaper-elevation MuiPaper-rounded MuiPaper-elevation1 MuiCard-root css-bhp9pd-MuiPaper-root-MuiCard-root"
            >
              <img
                alt="Myntra"
                class="MuiCardMedia-root MuiCardMedia-media MuiCardMedia-img css-o69gx8-MuiCardMedia-root"
                height="140"
                src="https://img.etimg.com/thumb/msid-52350287,width-300,imgsize-34171,resizemode-4/myntra-app-faces-tech-glitch-spams-users-with-notifications.jpg"
              />
              <div
                class="MuiCardContent-root css-46bh2p-MuiCardContent-root"
              >
                <div
                  class="MuiTypography-root MuiTypography-h5 MuiTypography-gutterBottom css-h93ljk-MuiTypography-root"
                >
                  Myntra
                </div>
                <p
                  class="MuiTypography-root MuiTypography-body2 css-r40f8v-MuiTypography-root"
                >
                  Myntra Gift Cards are the Perfect Gift, Every Time. Use the Myntra Gift Card to shop from millions of items in Electronics...
                </p>
              </div>
            </div>
          </div>
          <div
            class="MuiGrid-root MuiGrid-item MuiGrid-grid-xs-12 MuiGrid-grid-md-3 css-iv7vbz-MuiGrid-root"
          >
            <div
              class="MuiPaper-root MuiPaper-elevation MuiPaper-rounded MuiPaper-elevation1 MuiCard-root css-bhp9pd-MuiPaper-root-MuiCard-root"
            >
              <img
                alt="Zomato"
                class="MuiCardMedia-root MuiCardMedia-media MuiCardMedia-img css-o69gx8-MuiCardMedia-root"
                height="140"
                src="https://cms.qz.com/wp-content/uploads/2015/05/zomatos-4th-logo-2012-14.png?w=900&h=900&crop=1&strip=all&quality=75"
              />
              <div
                class="MuiCardContent-root css-46bh2p-MuiCardContent-root"
              >
                <div
                  class="MuiTypography-root MuiTypography-h5 MuiTypography-gutterBottom css-h93ljk-MuiTypography-root"
                >
                  Zomato (5000)
                </div>
                <p
                  class="MuiTypography-root MuiTypography-body2 css-r40f8v-MuiTypography-root"
                >
                  Zomato. Zomato is an Indian restaurant search and discovery service founded in 2008 by Deepinder Goyal ....
                </p>
              </div>
            </div>
          </div>
          <div
            align="center"
            class="MuiGrid-root MuiGrid-item MuiGrid-grid-xs-12 MuiGrid-grid-md-12 css-1idn90j-MuiGrid-root"
          >
            <a
              class="MuiButton-root MuiButton-contained MuiButton-containedPrimary MuiButton-sizeMedium MuiButton-containedSizeMedium MuiButtonBase-root  css-sghohy-MuiButtonBase-root-MuiButton-root"
              href="/gift-cards"
              tabindex="0"
            >
              View More
              <span
                class="MuiTouchRipple-root css-8je8zh-MuiTouchRipple-root"
              />
            </a>
          </div>
        </div>
      </div>
    </div>
  </div>
</DocumentFragment>
`;
